BlockChain info:
1.
Sender Name: baraa
Receiver Name: adi
Transaction Value: 60
Transaction timestamp: 20:40
